Microchip MPLAB XC8 Compiler V2.36

Linker command line:

-W-3 --edf=C:\Program Files\Microchip\xc8\v2.36\pic\dat\en_msgs.txt -cn \
  -h+dist/default/production\micros_proyecto.X.production.sym \
  --cmf=dist/default/production\micros_proyecto.X.production.cmf -z \
  -Q18F4550 -oC:\Users\daniel\AppData\Local\Temp\xcAsdi8.4 \
  -Mdist/default/production/micros_proyecto.X.production.map \
  --md=C:\Users\daniel\AppData\Local\Temp\xcAsdi8.dat -E1 -ver=XC8 Compiler \
  -ACODE=00h-07FFFh -ACONST=00h-07FFFh -ASMALLCONST=0800h-08FFhx120 \
  -AMEDIUMCONST=0800h-07FFFh -ACOMRAM=01h-05Fh -AABS1=00h-07FFh \
  -ABIGRAM=01h-07FFh -ARAM=060h-0FFh,0100h-01FFhx7 -ABANK0=060h-0FFh \
  -ABANK1=0100h-01FFh -ABANK2=0200h-02FFh -ABANK3=0300h-03FFh \
  -ABANK4=0400h-04FFh -ABANK5=0500h-05FFh -ABANK6=0600h-06FFh \
  -ABANK7=0700h-07FFh -ASFR=0F60h-0FFFh -ABIGSFR=0F60h-0FFFh \
  -ACONFIG=0300000h-030000Dh -AIDLOC=0200000h-0200007h \
  -AEEDATA=0F00000h-0F000FFh -peeprom_data=EEDATA \
  -preset_vec=00h,intcode,intcodelo,powerup,init -pramtop=0800h \
  -psmallconst=SMALLCONST -pmediumconst=MEDIUMCONST -pconst=CONST \
  -AFARRAM=00h-00h \
  -prdata=COMRAM,nvrram=COMRAM,nvbit=COMRAM,rbss=COMRAM,rbit=COMRAM \
  -pfarbss=FARRAM,fardata=FARRAM,nvFARRAM=FARRAM \
  -pintsave_regs=BIGRAM,bigbss=BIGRAM,bigdata=BIGRAM -pbss=RAM \
  -pidata=CODE,irdata=CODE,ibigdata=CODE,ifardata=CODE -prparam=COMRAM \
  C:\Users\daniel\AppData\Local\Temp\xcAsdi8.obj \
  dist/default/production\micros_proyecto.X.production.obj 

Object code version is 3.11

Machine type is 18F4550



                Name                               Link     Load   Length Selector   Space Scale
C:\Users\daniel\AppData\Local\Temp\xcAsdi8.obj
                idloc                            200000   200000        8        0       5
                config                           300000   300000        E        0       4
                init                                  0        0        4        0       0
dist/default/production\micros_proyecto.X.production.obj
                idloc                            200000   200000        8        0       5
                config                           300000   300000        E        0       4
                text8                              7E1C     7E1C       18     3F0E       0
                text7                              7DCE     7DCE        E     3EE7       0
                text6                              7E96     7E96       56     3F4B       0
                text5                              7E50     7E50       46     3F28       0
                text4                              7DF0     7DF0       16     3EF8       0
                text3                              7E06     7E06       16     3F03       0
                text2                              7DDC     7DDC       14     3EEE       0
                text1                              7F64     7F64       9C     3FB2       0
                text0                              7EEC     7EEC       78     3F76       0
                cstackCOMRAM                          1        1        7        1       1
                dataCOMRAM                            8        8        1        1       1
                cinit                              7E34     7E34       1C     3F1A       0
                idataCOMRAM                        7DCD     7DCD        1     7DCD       0

TOTAL           Name                               Link     Load   Length     Space
        CLASS   CODE           
                init                                  0        0        4         0
                text8                              7E1C     7E1C       18         0
                text7                              7DCE     7DCE        E         0
                text6                              7E96     7E96       56         0
                text5                              7E50     7E50       46         0
                text4                              7DF0     7DF0       16         0
                text3                              7E06     7E06       16         0
                text2                              7DDC     7DDC       14         0
                text1                              7F64     7F64       9C         0
                text0                              7EEC     7EEC       78         0
                cinit                              7E34     7E34       1C         0
                idataCOMRAM                        7DCD     7DCD        1         0

        CLASS   CONST          

        CLASS   SMALLCONST     

        CLASS   MEDIUMCONST    

        CLASS   COMRAM         
                cstackCOMRAM                          1        1        7         1
                dataCOMRAM                            8        8        1         1

        CLASS   ABS1           

        CLASS   BIGRAM         

        CLASS   RAM            

        CLASS   BANK0          

        CLASS   BANK1          

        CLASS   BANK2          

        CLASS   BANK3          

        CLASS   BANK4          

        CLASS   BANK5          

        CLASS   BANK6          

        CLASS   BANK7          

        CLASS   SFR            

        CLASS   BIGSFR         

        CLASS   CONFIG         
                config                           300000   300000        E         4

        CLASS   IDLOC          
                idloc                            200000   200000        8         5

        CLASS   EEDATA         

        CLASS   FARRAM         

        CLASS   HEAP           

        CLASS   STACK          



SEGMENTS        Name                           Load    Length   Top    Selector   Space  Class

                reset_vec                      000000  000004  000004         0       0  CODE    
                cstackCOMRAM                   000001  000008  000009         1       1  COMRAM  
                idataCOMRAM                    007DCD  000001  007DCE      7DCD       0  CODE    
                text7                          007DCE  00000E  007DDC      3EE7       0  CODE    
                text2                          007DDC  000014  007DF0      3EEE       0  CODE    
                text4                          007DF0  000016  007E06      3EF8       0  CODE    
                text3                          007E06  000016  007E1C      3F03       0  CODE    
                text8                          007E1C  000018  007E34      3F0E       0  CODE    
                cinit                          007E34  00001C  007E50      3F1A       0  CODE    
                text5                          007E50  000046  007E96      3F28       0  CODE    
                text6                          007E96  000056  007EEC      3F4B       0  CODE    
                text0                          007EEC  000078  007F64      3F76       0  CODE    
                text1                          007F64  00009C  008000      3FB2       0  CODE    


UNUSED ADDRESS RANGES

        Name                Unused          Largest block    Delta
        BANK0            000060-0000FF               A0
        BANK1            000100-0001FF              100
        BANK2            000200-0002FF              100
        BANK3            000300-0003FF              100
        BANK4            000400-0004FF              100
        BANK5            000500-0005FF              100
        BANK6            000600-0006FF              100
        BANK7            000700-0007FF              100
        BIGRAM           000009-0007FF              7F7
        BIGSFR           000F60-000FFF               A0
        CODE             000004-007DCC             7DC9
        COMRAM           000009-00005F               57
        CONST            000004-007DCC             7DC9
        EEDATA           F00000-F000FF              100
        MEDIUMCONST      000800-007DCC             75CD
        RAM              000060-0007FF              100
        SFR              000F60-000FFF               A0
        SMALLCONST       000800-007DCC              100

                                  Symbol Table

ConfiguraLCD@a           cstackCOMRAM 000001
DireccionaLCD@a          cstackCOMRAM 000005
EnviaDato@a              cstackCOMRAM 000004
EscribeLCD_c@a           cstackCOMRAM 000005
RetardoLCD@a             cstackCOMRAM 000002
_BorraLCD                text2        007DDC
_ConfiguraLCD            text8        007E1C
_DireccionaLCD           text4        007DF0
_EnviaDato               text5        007E50
_EscribeLCD_c            text3        007E06
_HabilitaLCD             text7        007DCE
_InicializaLCD           text1        007F64
_LATD                    (abs)        000F8C
_LATD0                   (abs)        007C60
_LATD1                   (abs)        007C61
_RetardoLCD              text6        007E96
_TRISD                   (abs)        000F95
__HRAM                   (abs)        000000
__Habs1                  abs1         000000
__Hbank0                 bank0        000000
__Hbank1                 bank1        000000
__Hbank2                 bank2        000000
__Hbank3                 bank3        000000
__Hbank4                 bank4        000000
__Hbank5                 bank5        000000
__Hbank6                 bank6        000000
__Hbank7                 bank7        000000
__Hbigbss                bigbss       000000
__Hbigdata               bigdata      000000
__Hbigram                bigram       000000
__Hbigsfr                bigsfr       000000
__Hbss                   bss          000000
__Hcinit                 cinit        000000
__Hclrtext               clrtext      000000
__Hcomram                comram       000000
__Hconfig                config       30000E
__Hconst                 const        000000
__HcstackCOMRAM          cstackCOMRAM 000000
__Hdata                  data         000000
__HdataCOMRAM            dataCOMRAM   000000
__Heeprom_data           eeprom_data  000000
__Hfarbss                farbss       000000
__Hfardata               fardata      000000
__Hheap                  heap         000000
__Hibigdata              ibigdata     000000
__Hidata                 idata        000000
__HidataCOMRAM           idataCOMRAM  000000
__Hidloc                 idloc        200008
__Hifardata              ifardata     000000
__Hinit                  init         000004
__Hintcode               intcode      000000
__Hintcode_body          intcode_body 000000
__Hintcodelo             intcodelo    000000
__Hintentry              intentry     000000
__Hintret                intret       000000
__Hintsave_regs          intsave_regs 000000
__Hirdata                irdata       000000
__Hmediumconst           mediumconst  000000
__HnvFARRAM              nvFARRAM     000000
__Hnvbit                 nvbit        000000
__Hnvrram                nvrram       000000
__Hparam                 rparam       000000
__Hpowerup               powerup      000000
__Hram                   ram          000000
__Hramtop                ramtop       000800
__Hrbit                  rbit         000000
__Hrbss                  rbss         000000
__Hrdata                 rdata        000000
__Hreset_vec             reset_vec    000000
__Hrparam                rparam       000000
__Hsfr                   sfr          000000
__Hsmallconst            smallconst   000000
__Hspace_0               (abs)        008000
__Hspace_1               (abs)        000009
__Hspace_2               (abs)        000000
__Hspace_4               (abs)        60000E
__Hstack                 stack        000000
__Hstruct                struct       000000
__Htemp                  temp         000000
__Htext                  text         000000
__Htext0                 text0        000000
__Htext1                 text1        000000
__Htext2                 text2        000000
__Htext3                 text3        000000
__Htext4                 text4        000000
__Htext5                 text5        000000
__Htext6                 text6        000000
__Htext7                 text7        000000
__Htext8                 text8        000000
__LRAM                   (abs)        000001
__Labs1                  abs1         000000
__Lbank0                 bank0        000000
__Lbank1                 bank1        000000
__Lbank2                 bank2        000000
__Lbank3                 bank3        000000
__Lbank4                 bank4        000000
__Lbank5                 bank5        000000
__Lbank6                 bank6        000000
__Lbank7                 bank7        000000
__Lbigbss                bigbss       000000
__Lbigdata               bigdata      000000
__Lbigram                bigram       000000
__Lbigsfr                bigsfr       000000
__Lbss                   bss          000000
__Lcinit                 cinit        000000
__Lclrtext               clrtext      000000
__Lcomram                comram       000000
__Lconfig                config       000000
__Lconst                 const        000000
__LcstackCOMRAM          cstackCOMRAM 000000
__Ldata                  data         000000
__LdataCOMRAM            dataCOMRAM   000000
__Leeprom_data           eeprom_data  000000
__Lfarbss                farbss       000000
__Lfardata               fardata      000000
__Lheap                  heap         000000
__Libigdata              ibigdata     000000
__Lidata                 idata        000000
__LidataCOMRAM           idataCOMRAM  000000
__Lidloc                 idloc        000000
__Lifardata              ifardata     000000
__Linit                  init         000000
__Lintcode               intcode      000000
__Lintcode_body          intcode_body 000000
__Lintcodelo             intcodelo    000000
__Lintentry              intentry     000000
__Lintret                intret       000000
__Lintsave_regs          intsave_regs 000000
__Lirdata                irdata       000000
__Lmediumconst           mediumconst  000000
__LnvFARRAM              nvFARRAM     000000
__Lnvbit                 nvbit        000000
__Lnvrram                nvrram       000000
__Lparam                 rparam       000000
__Lpowerup               powerup      000000
__Lram                   ram          000000
__Lramtop                ramtop       000800
__Lrbit                  rbit         000000
__Lrbss                  rbss         000000
__Lrdata                 rdata        000000
__Lreset_vec             reset_vec    000000
__Lrparam                rparam       000000
__Lsfr                   sfr          000000
__Lsmallconst            smallconst   000000
__Lspace_0               (abs)        000000
__Lspace_1               (abs)        000000
__Lspace_2               (abs)        000000
__Lspace_4               (abs)        000000
__Lstack                 stack        000000
__Lstruct                struct       000000
__Ltemp                  temp         000000
__Ltext                  text         000000
__Ltext0                 text0        000000
__Ltext1                 text1        000000
__Ltext2                 text2        000000
__Ltext3                 text3        000000
__Ltext4                 text4        000000
__Ltext5                 text5        000000
__Ltext6                 text6        000000
__Ltext7                 text7        000000
__Ltext8                 text8        000000
__S0                     (abs)        008000
__S1                     (abs)        000009
__S4                     (abs)        000000
__S5                     (abs)        000000
___heap_hi               (abs)        000000
___heap_lo               (abs)        000000
___inthi_sp              stack        000000
___intlo_sp              stack        000000
___param_bank            (abs)        000000
___rparam_used           (abs)        000001
___sp                    stack        000000
__accesstop              (abs)        000060
__activetblptr           (abs)        000002
__end_of_BorraLCD        text2        007DF0
__end_of_ConfiguraLCD    text8        007E34
__end_of_DireccionaLCD   text4        007E06
__end_of_EnviaDato       text5        007E96
__end_of_EscribeLCD_c    text3        007E1C
__end_of_HabilitaLCD     text7        007DDC
__end_of_InicializaLCD   text1        008000
__end_of_RetardoLCD      text6        007EEC
__end_of__initialization cinit        007E46
__end_of_main            text0        007F64
__initialization         cinit        007E34
__mediumconst            mediumconst  000000
__pcinit                 cinit        007E34
__pcstackCOMRAM          cstackCOMRAM 000001
__pdataCOMRAM            dataCOMRAM   000008
__pidataCOMRAM           idataCOMRAM  007DCD
__ptext0                 text0        007EEC
__ptext1                 text1        007F64
__ptext2                 text2        007DDC
__ptext3                 text3        007E06
__ptext4                 text4        007DF0
__ptext5                 text5        007E50
__ptext6                 text6        007E96
__ptext7                 text7        007DCE
__ptext8                 text8        007E1C
__ramtop                 ramtop       000800
__smallconst             smallconst   000000
_interfaz                dataCOMRAM   000008
_main                    text0        007EEC
end_of_initialization    cinit        007E46
intlevel0                text         000000
intlevel1                text         000000
intlevel2                text         000000
intlevel3                text         000000
isa$std                  (abs)        000001
isa$xinst                (abs)        000000
stackhi                  (abs)        000000
stacklo                  (abs)        000000
start                    init         000000
start_initialization     cinit        007E34


MODULE INFORMATION

Module		Function		Class		Link	Load	Size
LibLCDXC8.h
		_DireccionaLCD 		CODE           	7DF0	0000	22
		_InicializaLCD 		CODE           	7F64	0000	156
		_EnviaDato     		CODE           	7E50	0000	70
		_EscribeLCD_c  		CODE           	7E06	0000	22
		_HabilitaLCD   		CODE           	7DCE	0000	14
		_ConfiguraLCD  		CODE           	7E1C	0000	24
		_BorraLCD      		CODE           	7DDC	0000	20
		_RetardoLCD    		CODE           	7E96	0000	86

LibLCDXC8.h estimated size: 414

micros_proyecto.c
		_main          		CODE           	7EEC	0000	120

micros_proyecto.c estimated size: 120

shared
		__initialization		CODE           	7E34	0000	18

shared estimated size: 18

